
[0;34m[1m━━━━━━━━━━━━━━━━━━━━━━━━━━━━━━━━━━━━━━━━━━━━━━━━━━━━━━[0m
[0;34m[1m  TEST 1: ESTRUCTURA DEL PROYECTO[0m
[0;34m[1m━━━━━━━━━━━━━━━━━━━━━━━━━━━━━━━━━━━━━━━━━━━━━━━━━━━━━━[0m

[0;36m[TEST 1.1][0m [1mVerificar estructura backend reorganizada[0m
  [0;32m✓ PASS[0m backend/scripts/ml existe
